{'cluster_model': 'drive', 'aplus_per_log': 4, 'estimand': 'F', 'contrast': 'rn', 'weighting': 'scene', 'reps': 1000, 'rej05_H0': 0.045, 'rejHolm_H0': 0.013, 'rej05_MME': 0.154, 'rejHolm_MME': 0.067, 'rej05_dev': 1.0, 'rejHolm_dev': 0.997}
{'cluster_model': 'drive', 'aplus_per_log': 4, 'estimand': 'F', 'contrast': 'rv', 'weighting': 'scene', 'reps': 1000, 'rej05_H0': 0.045, 'rejHolm_H0': 0.011, 'rej05_MME': 0.225, 'rejHolm_MME': 0.104, 'rej05_dev': 0.993, 'rejHolm_dev': 0.972}
{'cluster_model': 'drive', 'aplus_per_log': 4, 'estimand': 'F', 'contrast': 'dm', 'weighting': 'scene', 'reps': 1000, 'rej05_H0': 0.065, 'rejHolm_H0': 0.023, 'rej05_MME': 0.115, 'rejHolm_MME': 0.038, 'rej05_dev': 0.371, 'rejHolm_dev': 0.22}
{'cluster_model': 'drive', 'aplus_per_log': 4, 'estimand': 'P', 'contrast': 'rn', 'weighting': 'scene', 'reps': 1000, 'rej05_H0': 0.086, 'rejHolm_H0': 0.044, 'rej05_MME': 0.495, 'rejHolm_MME': 0.279, 'rej05_dev': 0.995, 'rejHolm_dev': 0.993}
{'cluster_model': 'drive', 'aplus_per_log': 4, 'estimand': 'P', 'contrast': 'rv', 'weighting': 'scene', 'reps': 1000, 'rej05_H0': 0.092, 'rejHolm_H0': 0.044, 'rej05_MME': 0.745, 'rejHolm_MME': 0.552, 'rej05_dev': 0.995, 'rejHolm_dev': 0.993}
{'cluster_model': 'drive', 'aplus_per_log': 4, 'estimand': 'P', 'contrast': 'dm', 'weighting': 'scene', 'reps': 1000, 'rej05_H0': 0.094, 'rejHolm_H0': 0.052, 'rej05_MME': 0.055, 'rejHolm_MME': 0.026, 'rej05_dev': 0.41, 'rejHolm_dev': 0.221}
{'cluster_model': 'drive', 'aplus_per_log': 8, 'estimand': 'F', 'contrast': 'rn', 'weighting': 'scene', 'reps': 1000, 'rej05_H0': 0.043, 'rejHolm_H0': 0.015, 'rej05_MME': 0.167, 'rejHolm_MME': 0.074, 'rej05_dev': 1.0, 'rejHolm_dev': 0.999}
{'cluster_model': 'drive', 'aplus_per_log': 8, 'estimand': 'F', 'contrast': 'rv', 'weighting': 'scene', 'reps': 1000, 'rej05_H0': 0.047, 'rejHolm_H0': 0.015, 'rej05_MME': 0.224, 'rejHolm_MME': 0.115, 'rej05_dev': 0.997, 'rejHolm_dev': 0.975}
{'cluster_model': 'drive', 'aplus_per_log': 8, 'estimand': 'F', 'contrast': 'dm', 'weighting': 'scene', 'reps': 1000, 'rej05_H0': 0.064, 'rejHolm_H0': 0.021, 'rej05_MME': 0.117, 'rejHolm_MME': 0.045, 'rej05_dev': 0.373, 'rejHolm_dev': 0.216}
{'cluster_model': 'drive', 'aplus_per_log': 8, 'estimand': 'P', 'contrast': 'rn', 'weighting': 'scene', 'reps': 1000, 'rej05_H0': 0.064, 'rejHolm_H0': 0.032, 'rej05_MME': 0.514, 'rejHolm_MME': 0.291, 'rej05_dev': 0.999, 'rejHolm_dev': 0.997}
{'cluster_model': 'drive', 'aplus_per_log': 8, 'estimand': 'P', 'contrast': 'rv', 'weighting': 'scene', 'reps': 1000, 'rej05_H0': 0.066, 'rejHolm_H0': 0.033, 'rej05_MME': 0.779, 'rejHolm_MME': 0.581, 'rej05_dev': 0.999, 'rejHolm_dev': 0.998}
{'cluster_model': 'drive', 'aplus_per_log': 8, 'estimand': 'P', 'contrast': 'dm', 'weighting': 'scene', 'reps': 1000, 'rej05_H0': 0.107, 'rejHolm_H0': 0.065, 'rej05_MME': 0.065, 'rejHolm_MME': 0.016, 'rej05_dev': 0.419, 'rejHolm_dev': 0.234}
{'cluster_model': 'segment', 'aplus_per_log': 4, 'estimand': 'F', 'contrast': 'rn', 'weighting': 'scene', 'reps': 1000, 'rej05_H0': 0.053, 'rejHolm_H0': 0.015, 'rej05_MME': 0.278, 'rejHolm_MME': 0.17, 'rej05_dev': 1.0, 'rejHolm_dev': 1.0}
{'cluster_model': 'segment', 'aplus_per_log': 4, 'estimand': 'F', 'contrast': 'rv', 'weighting': 'scene', 'reps': 1000, 'rej05_H0': 0.052, 'rejHolm_H0': 0.015, 'rej05_MME': 0.39, 'rejHolm_MME': 0.245, 'rej05_dev': 1.0, 'rejHolm_dev': 1.0}
{'cluster_model': 'segment', 'aplus_per_log': 4, 'estimand': 'F', 'contrast': 'dm', 'weighting': 'scene', 'reps': 1000, 'rej05_H0': 0.041, 'rejHolm_H0': 0.008, 'rej05_MME': 0.173, 'rejHolm_MME': 0.074, 'rej05_dev': 0.573, 'rejHolm_dev': 0.404}
{'cluster_model': 'segment', 'aplus_per_log': 4, 'estimand': 'P', 'contrast': 'rn', 'weighting': 'scene', 'reps': 1000, 'rej05_H0': 0.064, 'rejHolm_H0': 0.028, 'rej05_MME': 0.779, 'rejHolm_MME': 0.606, 'rej05_dev': 0.998, 'rejHolm_dev': 0.996}
{'cluster_model': 'segment', 'aplus_per_log': 4, 'estimand': 'P', 'contrast': 'rv', 'weighting': 'scene', 'reps': 1000, 'rej05_H0': 0.064, 'rejHolm_H0': 0.028, 'rej05_MME': 0.932, 'rejHolm_MME': 0.838, 'rej05_dev': 0.999, 'rejHolm_dev': 0.997}
{'cluster_model': 'segment', 'aplus_per_log': 4, 'estimand': 'P', 'contrast': 'dm', 'weighting': 'scene', 'reps': 1000, 'rej05_H0': 0.08, 'rejHolm_H0': 0.038, 'rej05_MME': 0.12, 'rejHolm_MME': 0.042, 'rej05_dev': 0.769, 'rejHolm_dev': 0.564}
{'cluster_model': 'segment', 'aplus_per_log': 8, 'estimand': 'F', 'contrast': 'rn', 'weighting': 'scene', 'reps': 1000, 'rej05_H0': 0.053, 'rejHolm_H0': 0.018, 'rej05_MME': 0.297, 'rejHolm_MME': 0.163, 'rej05_dev': 1.0, 'rejHolm_dev': 1.0}
{'cluster_model': 'segment', 'aplus_per_log': 8, 'estimand': 'F', 'contrast': 'rv', 'weighting': 'scene', 'reps': 1000, 'rej05_H0': 0.052, 'rejHolm_H0': 0.018, 'rej05_MME': 0.396, 'rejHolm_MME': 0.25, 'rej05_dev': 1.0, 'rejHolm_dev': 0.999}
{'cluster_model': 'segment', 'aplus_per_log': 8, 'estimand': 'F', 'contrast': 'dm', 'weighting': 'scene', 'reps': 1000, 'rej05_H0': 0.046, 'rejHolm_H0': 0.011, 'rej05_MME': 0.186, 'rejHolm_MME': 0.085, 'rej05_dev': 0.577, 'rejHolm_dev': 0.416}
{'cluster_model': 'segment', 'aplus_per_log': 8, 'estimand': 'P', 'contrast': 'rn', 'weighting': 'scene', 'reps': 1000, 'rej05_H0': 0.07, 'rejHolm_H0': 0.029, 'rej05_MME': 0.825, 'rejHolm_MME': 0.649, 'rej05_dev': 1.0, 'rejHolm_dev': 0.999}
{'cluster_model': 'segment', 'aplus_per_log': 8, 'estimand': 'P', 'contrast': 'rv', 'weighting': 'scene', 'reps': 1000, 'rej05_H0': 0.071, 'rejHolm_H0': 0.027, 'rej05_MME': 0.95, 'rejHolm_MME': 0.878, 'rej05_dev': 1.0, 'rejHolm_dev': 0.999}
{'cluster_model': 'segment', 'aplus_per_log': 8, 'estimand': 'P', 'contrast': 'dm', 'weighting': 'scene', 'reps': 1000, 'rej05_H0': 0.076, 'rejHolm_H0': 0.03, 'rej05_MME': 0.122, 'rejHolm_MME': 0.047, 'rej05_dev': 0.8, 'rejHolm_dev': 0.629}
