[plan] 8 episodes (roots 2)
Some kwargs in processor config are unused and will not have any effect: action_chunk_size, intrinsic_config, obs_delta, action_config, bin_policy, statistics, num_obs_steps. 
Add 0 TRANSLATION TOKENS, tokenizer vocab size 257152 / 265347
Add 0 ROTATION TOKENS to tokenizer, tokenizer vocab size 257152 / 265347
Add 0 GRIPPER TOKENS to tokenizer, tokenizer vocab size 257152 / 265347
Loading checkpoint shards:   0%|          | 0/2 [00:00<?, ?it/s]Loading checkpoint shards:  50%|█████     | 1/2 [00:00<00:00,  1.42it/s]Loading checkpoint shards: 100%|██████████| 2/2 [00:01<00:00,  1.93it/s]Loading checkpoint shards: 100%|██████████| 2/2 [00:01<00:00,  1.83it/s]
/root/VLA/simpler/site/sapien/core/renderer_config.py:4: UserWarning: pkg_resources is deprecated as an API. See https://setuptools.pypa.io/en/latest/pkg_resources.html. The pkg_resources package is slated for removal as early as 2025-11-30. Refrain from using this package or pin to Setuptools<81.
  import pkg_resources
/root/VLA/simpler/site/sapien/core/renderer_config.py:4: UserWarning: pkg_resources is deprecated as an API. See https://setuptools.pypa.io/en/latest/pkg_resources.html. The pkg_resources package is slated for removal as early as 2025-11-30. Refrain from using this package or pin to Setuptools<81.
  import pkg_resources
[2026-10-08 14:39:39.672] [svulkan2] [error] GLFW error: X11: The DISPLAY environment variable is missing
[2026-10-08 14:39:39.672] [svulkan2] [warning] Continue without GLFW.
/root/VLA/simpler/site/gymnasium/core.py:311: UserWarning: [33mWARN: env.robot_uid to get variables from other wrappers is deprecated and will be removed in v1.0, to get this variable you can do `env.unwrapped.robot_uid` for environment variables or `env.get_wrapper_attr('robot_uid')` that will search the reminding wrappers.[0m
  logger.warn(
/root/VLA/simpler/site/gymnasium/core.py:311: UserWarning: [33mWARN: env.get_language_instruction to get variables from other wrappers is deprecated and will be removed in v1.0, to get this variable you can do `env.unwrapped.get_language_instruction` for environment variables or `env.get_wrapper_attr('get_language_instruction')` that will search the reminding wrappers.[0m
  logger.warn(
[2026-10-08 14:39:44.442] [svulkan2] [error] GLFW error: X11: The DISPLAY environment variable is missing
[2026-10-08 14:39:44.442] [svulkan2] [warning] Continue without GLFW.
/root/VLA/simpler/site/gymnasium/core.py:311: UserWarning: [33mWARN: env.robot_uid to get variables from other wrappers is deprecated and will be removed in v1.0, to get this variable you can do `env.unwrapped.robot_uid` for environment variables or `env.get_wrapper_attr('robot_uid')` that will search the reminding wrappers.[0m
  logger.warn(
/root/VLA/simpler/site/gymnasium/core.py:311: UserWarning: [33mWARN: env.get_language_instruction to get variables from other wrappers is deprecated and will be removed in v1.0, to get this variable you can do `env.unwrapped.get_language_instruction` for environment variables or `env.get_wrapper_attr('get_language_instruction')` that will search the reminding wrappers.[0m
  logger.warn(
The 'batch_size' attribute of HybridCache is deprecated and will be removed in v4.49. Use the more precisely named 'self.max_batch_size' attribute instead.
[2026-10-08 14:41:13.684] [svulkan2] [warning] A second renderer will share the same internal context with the first one. Arguments passed to constructor will be ignored.
[2026-10-08 14:42:18.118] [svulkan2] [warning] A second renderer will share the same internal context with the first one. Arguments passed to constructor will be ignored.
[done] 8 episodes in 3.5 min
