[plan] 1 scenes (A- 1, A+ 0), 17 rows per batched step
/root/miniforge3/envs/autovla/lib/python3.9/site-packages/lightning_fabric/__init__.py:41: pkg_resources is deprecated as an API. See https://setuptools.pypa.io/en/latest/pkg_resources.html. The pkg_resources package is slated for removal as early as 2025-11-30. Refrain from using this package or pin to Setuptools<81.
Loading checkpoint shards:   0%|          | 0/2 [00:00<?, ?it/s]Loading checkpoint shards:  50%|█████     | 1/2 [00:05<00:05,  5.95s/it]Loading checkpoint shards: 100%|██████████| 2/2 [00:10<00:00,  5.28s/it]Loading checkpoint shards: 100%|██████████| 2/2 [00:10<00:00,  5.38s/it]
Using a slow image processor as `use_fast` is unset and a slow processor was saved with this model. `use_fast=True` will be the default behavior in v4.48, even if the model was saved with a slow processor. This will result in minor differences in outputs. You'll still be able to use a slow processor with `use_fast=False`.
The new embeddings will be initialized from a multivariate normal distribution that has old embeddings' mean and covariance. As described in this article: https://nlp.stanford.edu/~johnhew/vocab-expansion.html. To disable this, use `mean_resizing=False`
[prog] 1/1 scenes ok=1 fail=0 units=3 unit_fail=0 3.1s/scene eta 0.0min
[done] scenes ok=1 fail=0 units=3 unit_fail=0
	Command being timed: "nice -n 19 python /root/VLA/autovla_misalignment_poc/scripts/temporal_feedback_window.py --limit 1 --max-alts 2 --output /root/VLA/autovla_misalignment_poc/outputs/review_followup/R8R9_raw_recovery/run_20261008/smoke/raw/exp9"
	User time (seconds): 96.63
	System time (seconds): 221.00
	Percent of CPU this job got: 619%
	Elapsed (wall clock) time (h:mm:ss or m:ss): 0:51.28
	Average shared text size (kbytes): 0
	Average unshared data size (kbytes): 0
	Average stack size (kbytes): 0
	Average total size (kbytes): 0
	Maximum resident set size (kbytes): 4337564
	Average resident set size (kbytes): 0
	Major (requiring I/O) page faults: 5911634
	Minor (reclaiming a frame) page faults: 1974228
	Voluntary context switches: 281054
	Involuntary context switches: 130351
	Swaps: 0
	File system inputs: 47201728
	File system outputs: 92
	Socket messages sent: 0
	Socket messages received: 0
	Signals delivered: 0
	Page size (bytes): 4096
	Exit status: 0
